2026-05-27T00:32:00.052-05:00  INFO 37432 --- [app] [restartedMain] c.store.spring.app.MainAppApplication    : Starting MainAppApplication using Java 21.0.9 with PID 37432 (C:\Users\sergi\OneDrive\Documentos\UTP\Desarrollo web integrado\proyecto\TiendaRopaOnline\target\classes started by sergi in C:\Users\sergi\OneDrive\Documentos\UTP\Desarrollo web integrado\proyecto\TiendaRopaOnline)
2026-05-27T00:32:00.080-05:00  INFO 37432 --- [app] [restartedMain] c.store.spring.app.MainAppApplication    : No active profile set, falling back to 1 default profile: "default"
2026-05-27T00:32:00.218-05:00  INFO 37432 --- [app] [restartedMain] .e.DevToolsPropertyDefaultsPostProcessor : Devtools property defaults active! Set 'spring.devtools.add-properties' to 'false' to disable
2026-05-27T00:32:00.221-05:00  INFO 37432 --- [app] [restartedMain] .e.DevToolsPropertyDefaultsPostProcessor : For additional web related logging consider setting the 'logging.level.web' property to 'DEBUG'
2026-05-27T00:32:02.132-05:00  INFO 37432 --- [app] [restartedMain] .s.d.r.c.RepositoryConfigurationDelegate : Bootstrapping Spring Data JPA repositories in DEFAULT mode.
2026-05-27T00:32:02.240-05:00  INFO 37432 --- [app] [restartedMain] .s.d.r.c.RepositoryConfigurationDelegate : Finished Spring Data repository scanning in 88 ms. Found 2 JPA repository interfaces.
2026-05-27T00:32:03.603-05:00  INFO 37432 --- [app] [restartedMain] o.s.boot.tomcat.TomcatWebServer          : Tomcat initialized with port 9080 (http)
2026-05-27T00:32:03.638-05:00  INFO 37432 --- [app] [restartedMain] o.apache.catalina.core.StandardService   : Starting service [Tomcat]
2026-05-27T00:32:03.638-05:00  INFO 37432 --- [app] [restartedMain] o.apache.catalina.core.StandardEngine    : Starting Servlet engine: [Apache Tomcat/11.0.20]
2026-05-27T00:32:03.731-05:00  INFO 37432 --- [app] [restartedMain] b.w.c.s.WebApplicationContextInitializer : Root WebApplicationContext: initialization completed in 3505 ms
2026-05-27T00:32:04.221-05:00  INFO 37432 --- [app] [restartedMain] org.hibernate.orm.jpa                    : HHH008540: Processing PersistenceUnitInfo [name: default]
2026-05-27T00:32:04.375-05:00  INFO 37432 --- [app] [restartedMain] org.hibernate.orm.core                   : HHH000001: Hibernate ORM core version 7.2.7.Final
2026-05-27T00:32:05.213-05:00  INFO 37432 --- [app] [restartedMain] o.s.o.j.p.SpringPersistenceUnitInfo      : No LoadTimeWeaver setup: ignoring JPA class transformer
2026-05-27T00:32:05.278-05:00  INFO 37432 --- [app] [restartedMain] com.zaxxer.hikari.HikariDataSource       : HikariPool-1 - Starting...
2026-05-27T00:32:05.959-05:00  INFO 37432 --- [app] [restartedMain] com.zaxxer.hikari.pool.HikariPool        : HikariPool-1 - Added connection com.mysql.cj.jdbc.ConnectionImpl@9363a2a
2026-05-27T00:32:05.961-05:00  INFO 37432 --- [app] [restartedMain] com.zaxxer.hikari.HikariDataSource       : HikariPool-1 - Start completed.
2026-05-27T00:32:06.088-05:00  WARN 37432 --- [app] [restartedMain] org.hibernate.orm.deprecation            : HHH90000025: MySQLDialect does not need to be specified explicitly using 'hibernate.dialect' (remove the property setting and it will be selected by default)
2026-05-27T00:32:06.121-05:00  INFO 37432 --- [app] [restartedMain] org.hibernate.orm.connections.pooling    : HHH10001005: Database info:
	Database JDBC URL [jdbc:mysql://localhost:3306/desarrollo]
	Database driver: MySQL Connector/J
	Database dialect: MySQLDialect
	Database version: 9.5
	Default catalog/schema: desarrollo/undefined
	Autocommit mode: undefined/unknown
	Isolation level: REPEATABLE_READ [default REPEATABLE_READ]
	JDBC fetch size: none
	Pool: DataSourceConnectionProvider
	Minimum pool size: undefined/unknown
	Maximum pool size: undefined/unknown
2026-05-27T00:32:07.390-05:00  INFO 37432 --- [app] [restartedMain] org.hibernate.orm.core                   : HHH000489: No JTA platform available (set 'hibernate.transaction.jta.platform' to enable JTA platform integration)
2026-05-27T00:32:07.531-05:00  INFO 37432 --- [app] [restartedMain] j.LocalContainerEntityManagerFactoryBean : Initialized JPA EntityManagerFactory for persistence unit 'default'
2026-05-27T00:32:07.657-05:00  INFO 37432 --- [app] [restartedMain] o.s.d.j.r.query.QueryEnhancerFactories   : Hibernate is in classpath; If applicable, HQL parser will be used.
2026-05-27T00:32:08.024-05:00  WARN 37432 --- [app] [restartedMain] JpaBaseConfiguration$JpaWebConfiguration : spring.jpa.open-in-view is enabled by default. Therefore, database queries may be performed during view rendering. Explicitly configure spring.jpa.open-in-view to disable this warning
2026-05-27T00:32:08.064-05:00  INFO 37432 --- [app] [restartedMain] o.s.b.w.a.WelcomePageHandlerMapping      : Adding welcome page template: index
2026-05-27T00:32:09.029-05:00  INFO 37432 --- [app] [restartedMain] o.s.boot.tomcat.TomcatWebServer          : Tomcat started on port 9080 (http) with context path '/'
2026-05-27T00:32:09.038-05:00  INFO 37432 --- [app] [restartedMain] c.store.spring.app.MainAppApplication    : Started MainAppApplication in 10.066 seconds (process running for 10.917)
2026-05-27T00:32:09.049-05:00  WARN 37432 --- [app] [restartedMain] o.s.core.events.SpringDocAppInitializer  : SpringDoc /api-docs endpoint is enabled by default. To disable it in production, set the property 'springdoc.api-docs.enabled=false'
2026-05-27T00:32:09.051-05:00  WARN 37432 --- [app] [restartedMain] o.s.core.events.SpringDocAppInitializer  : SpringDoc /swagger endpoint is enabled by default. To disable it in production, set the property 'springdoc.swagger-ui.enabled=false'
2026-05-27T00:32:18.556-05:00  INFO 37432 --- [app] [http-nio-9080-exec-1] o.a.c.c.C.[Tomcat].[localhost].[/]       : Initializing Spring DispatcherServlet 'dispatcherServlet'
2026-05-27T00:32:18.557-05:00  INFO 37432 --- [app] [http-nio-9080-exec-1] o.s.web.servlet.DispatcherServlet        : Initializing Servlet 'dispatcherServlet'
2026-05-27T00:32:18.561-05:00  INFO 37432 --- [app] [http-nio-9080-exec-1] o.s.web.servlet.DispatcherServlet        : Completed initialization in 3 ms
2026-05-27T01:02:23.849-05:00  INFO 41156 --- [app] [restartedMain] c.store.spring.app.MainAppApplication    : Starting MainAppApplication using Java 21.0.9 with PID 41156 (C:\Users\sergi\OneDrive\Documentos\UTP\Desarrollo web integrado\proyecto\TiendaRopaOnline\target\classes started by sergi in C:\Users\sergi\OneDrive\Documentos\UTP\Desarrollo web integrado\proyecto\TiendaRopaOnline)
2026-05-27T01:02:23.857-05:00  INFO 41156 --- [app] [restartedMain] c.store.spring.app.MainAppApplication    : No active profile set, falling back to 1 default profile: "default"
2026-05-27T01:02:23.956-05:00  INFO 41156 --- [app] [restartedMain] .e.DevToolsPropertyDefaultsPostProcessor : Devtools property defaults active! Set 'spring.devtools.add-properties' to 'false' to disable
2026-05-27T01:02:23.957-05:00  INFO 41156 --- [app] [restartedMain] .e.DevToolsPropertyDefaultsPostProcessor : For additional web related logging consider setting the 'logging.level.web' property to 'DEBUG'
2026-05-27T01:02:25.377-05:00  INFO 41156 --- [app] [restartedMain] .s.d.r.c.RepositoryConfigurationDelegate : Bootstrapping Spring Data JPA repositories in DEFAULT mode.
2026-05-27T01:02:25.474-05:00  INFO 41156 --- [app] [restartedMain] .s.d.r.c.RepositoryConfigurationDelegate : Finished Spring Data repository scanning in 79 ms. Found 2 JPA repository interfaces.
2026-05-27T01:02:26.518-05:00  INFO 41156 --- [app] [restartedMain] o.s.boot.tomcat.TomcatWebServer          : Tomcat initialized with port 9080 (http)
2026-05-27T01:02:26.548-05:00  INFO 41156 --- [app] [restartedMain] o.apache.catalina.core.StandardService   : Starting service [Tomcat]
2026-05-27T01:02:26.551-05:00  INFO 41156 --- [app] [restartedMain] o.apache.catalina.core.StandardEngine    : Starting Servlet engine: [Apache Tomcat/11.0.20]
2026-05-27T01:02:26.647-05:00  INFO 41156 --- [app] [restartedMain] b.w.c.s.WebApplicationContextInitializer : Root WebApplicationContext: initialization completed in 2688 ms
2026-05-27T01:02:27.001-05:00  INFO 41156 --- [app] [restartedMain] org.hibernate.orm.jpa                    : HHH008540: Processing PersistenceUnitInfo [name: default]
2026-05-27T01:02:27.083-05:00  INFO 41156 --- [app] [restartedMain] org.hibernate.orm.core                   : HHH000001: Hibernate ORM core version 7.2.7.Final
2026-05-27T01:02:27.827-05:00  INFO 41156 --- [app] [restartedMain] o.s.o.j.p.SpringPersistenceUnitInfo      : No LoadTimeWeaver setup: ignoring JPA class transformer
2026-05-27T01:02:27.861-05:00  INFO 41156 --- [app] [restartedMain] com.zaxxer.hikari.HikariDataSource       : HikariPool-1 - Starting...
2026-05-27T01:02:28.285-05:00  INFO 41156 --- [app] [restartedMain] com.zaxxer.hikari.pool.HikariPool        : HikariPool-1 - Added connection com.mysql.cj.jdbc.ConnectionImpl@7e04bfd4
2026-05-27T01:02:28.288-05:00  INFO 41156 --- [app] [restartedMain] com.zaxxer.hikari.HikariDataSource       : HikariPool-1 - Start completed.
2026-05-27T01:02:28.373-05:00  WARN 41156 --- [app] [restartedMain] org.hibernate.orm.deprecation            : HHH90000025: MySQLDialect does not need to be specified explicitly using 'hibernate.dialect' (remove the property setting and it will be selected by default)
2026-05-27T01:02:28.404-05:00  INFO 41156 --- [app] [restartedMain] org.hibernate.orm.connections.pooling    : HHH10001005: Database info:
	Database JDBC URL [jdbc:mysql://localhost:3306/desarrollo]
	Database driver: MySQL Connector/J
	Database dialect: MySQLDialect
	Database version: 9.5
	Default catalog/schema: desarrollo/undefined
	Autocommit mode: undefined/unknown
	Isolation level: REPEATABLE_READ [default REPEATABLE_READ]
	JDBC fetch size: none
	Pool: DataSourceConnectionProvider
	Minimum pool size: undefined/unknown
	Maximum pool size: undefined/unknown
2026-05-27T01:02:29.522-05:00  INFO 41156 --- [app] [restartedMain] org.hibernate.orm.core                   : HHH000489: No JTA platform available (set 'hibernate.transaction.jta.platform' to enable JTA platform integration)
2026-05-27T01:02:29.625-05:00  INFO 41156 --- [app] [restartedMain] j.LocalContainerEntityManagerFactoryBean : Initialized JPA EntityManagerFactory for persistence unit 'default'
2026-05-27T01:02:29.756-05:00  INFO 41156 --- [app] [restartedMain] o.s.d.j.r.query.QueryEnhancerFactories   : Hibernate is in classpath; If applicable, HQL parser will be used.
2026-05-27T01:02:30.104-05:00  WARN 41156 --- [app] [restartedMain] JpaBaseConfiguration$JpaWebConfiguration : spring.jpa.open-in-view is enabled by default. Therefore, database queries may be performed during view rendering. Explicitly configure spring.jpa.open-in-view to disable this warning
2026-05-27T01:02:30.907-05:00  INFO 41156 --- [app] [restartedMain] o.s.boot.tomcat.TomcatWebServer          : Tomcat started on port 9080 (http) with context path '/'
2026-05-27T01:02:30.920-05:00  INFO 41156 --- [app] [restartedMain] c.store.spring.app.MainAppApplication    : Started MainAppApplication in 7.803 seconds (process running for 8.61)
2026-05-27T01:02:30.927-05:00  WARN 41156 --- [app] [restartedMain] o.s.core.events.SpringDocAppInitializer  : SpringDoc /api-docs endpoint is enabled by default. To disable it in production, set the property 'springdoc.api-docs.enabled=false'
2026-05-27T01:02:30.928-05:00  WARN 41156 --- [app] [restartedMain] o.s.core.events.SpringDocAppInitializer  : SpringDoc /swagger endpoint is enabled by default. To disable it in production, set the property 'springdoc.swagger-ui.enabled=false'
2026-05-27T01:02:43.704-05:00  INFO 41156 --- [app] [http-nio-9080-exec-2] o.a.c.c.C.[Tomcat].[localhost].[/]       : Initializing Spring DispatcherServlet 'dispatcherServlet'
2026-05-27T01:02:43.707-05:00  INFO 41156 --- [app] [http-nio-9080-exec-2] o.s.web.servlet.DispatcherServlet        : Initializing Servlet 'dispatcherServlet'
2026-05-27T01:02:43.711-05:00  INFO 41156 --- [app] [http-nio-9080-exec-2] o.s.web.servlet.DispatcherServlet        : Completed initialization in 4 ms
